---
source: src/lock_file/satisfiability.rs
expression: s
---
environment 'default' does not satisfy the requirements of the project for platform 'win-64
    Diagnostic severity: error
    Caused by: the input hash for 'child-package' does not match the hash in the lock-file
