---
source: crates/pixi_build_frontend/tests/integration/discovery.rs
expression: error_to_snapshot(& err)
input_file: tests/data/discovery/invalid/TEST-CASE
---
  × missing field 'channels' in table
   ╭─[D:/projects/pixi/tests/data/discovery/invalid/pixi.toml:1:1]
 1 │ [workspace]
   · ───────────
   ╰────
