---
source: crates/pixi_build_frontend/tests/integration/discovery.rs
expression: backend
input_file: tests/data/discovery/nested_recipe_yml/TEST-CASE
---
backend-spec:
  type: json-rpc
  name: pixi-build-rattler-build
  command:
    type: environment-spec
    requirement:
      - pixi-build-rattler-build
      - {}
    channels:
      - "https://conda.anaconda.org/conda-forge"
      - "https://prefix.dev/pixi-build-backends"
init-params:
  source-dir: "file://<ROOT>"
  manifest-path: "recipe//recipe.yml"
  project-model: ~
  configuration: ~
