---
source: src/cli/init.rs
expression: "(parse_dependencies(env_info.dependencies().clone()).unwrap(),\n    parse_channels(env_info.channels().clone()), env_info.name())"
---
(
    (
        [
            MatchSpec {
                name: Some(
                    PackageName {
                        normalized: None,
                        source: "python",
                    },
                ),
                version: Some(
                    StrictRange(
                        StartsWith,
                        StrictVersion(
                            Version {
                                version: [[0], [3], [5], [5]],
                                local: [],
                            },
                        ),
                    ),
                ),
                build: None,
                build_number: None,
                file_name: None,
                channel: None,
                subdir: None,
                namespace: None,
                md5: None,
                sha256: None,
            },
            MatchSpec {
                name: Some(
                    PackageName {
                        normalized: None,
                        source: "setuptools",
                    },
                ),
                version: Some(
                    Range(
                        GreaterEquals,
                        Version {
                            version: [[0], [39], [1], [0]],
                            local: [],
                        },
                    ),
                ),
                build: None,
                build_number: None,
                file_name: None,
                channel: None,
                subdir: None,
                namespace: None,
                md5: None,
                sha256: None,
            },
            MatchSpec {
                name: Some(
                    PackageName {
                        normalized: None,
                        source: "wheel",
                    },
                ),
                version: Some(
                    Range(
                        LessEquals,
                        Version {
                            version: [[0], [0], [31], [1]],
                            local: [],
                        },
                    ),
                ),
                build: None,
                build_number: None,
                file_name: None,
                channel: None,
                subdir: None,
                namespace: None,
                md5: None,
                sha256: None,
            },
            MatchSpec {
                name: Some(
                    PackageName {
                        normalized: None,
                        source: "pip",
                    },
                ),
                version: None,
                build: None,
                build_number: None,
                file_name: None,
                channel: None,
                subdir: None,
                namespace: None,
                md5: None,
                sha256: None,
            },
        ],
        [
            (
                PackageName(
                    "package1",
                ),
                PyPiRequirement {
                    version: Some(
                        VersionSpecifiers(
                            [
                                VersionSpecifier {
                                    operator: Equal,
                                    version: "1.0.0",
                                },
                            ],
                        ),
                    ),
                    extras: Some(
                        [],
                    ),
                    index: None,
                },
            ),
            (
                PackageName(
                    "package2",
                ),
                PyPiRequirement {
                    version: Some(
                        VersionSpecifiers(
                            [
                                VersionSpecifier {
                                    operator: Equal,
                                    version: "2.0",
                                },
                            ],
                        ),
                    ),
                    extras: Some(
                        [],
                    ),
                    index: None,
                },
            ),
            (
                PackageName(
                    "package3",
                ),
                PyPiRequirement {
                    version: Some(
                        VersionSpecifiers(
                            [
                                VersionSpecifier {
                                    operator: Equal,
                                    version: "3",
                                },
                            ],
                        ),
                    ),
                    extras: Some(
                        [],
                    ),
                    index: None,
                },
            ),
            (
                PackageName(
                    "package4",
                ),
                PyPiRequirement {
                    version: Some(
                        VersionSpecifiers(
                            [
                                VersionSpecifier {
                                    operator: LessThanEqual,
                                    version: "4.0.0",
                                },
                            ],
                        ),
                    ),
                    extras: Some(
                        [],
                    ),
                    index: None,
                },
            ),
            (
                PackageName(
                    "package5",
                ),
                PyPiRequirement {
                    version: Some(
                        VersionSpecifiers(
                            [
                                VersionSpecifier {
                                    operator: GreaterThanEqual,
                                    version: "5.0.0",
                                },
                            ],
                        ),
                    ),
                    extras: Some(
                        [],
                    ),
                    index: None,
                },
            ),
            (
                PackageName(
                    "package6",
                ),
                PyPiRequirement {
                    version: Some(
                        VersionSpecifiers(
                            [
                                VersionSpecifier {
                                    operator: GreaterThan,
                                    version: "6.0.0",
                                },
                            ],
                        ),
                    ),
                    extras: Some(
                        [],
                    ),
                    index: None,
                },
            ),
            (
                PackageName(
                    "package7",
                ),
                PyPiRequirement {
                    version: Some(
                        VersionSpecifiers(
                            [
                                VersionSpecifier {
                                    operator: LessThan,
                                    version: "7.0.0",
                                },
                            ],
                        ),
                    ),
                    extras: Some(
                        [],
                    ),
                    index: None,
                },
            ),
            (
                PackageName(
                    "package8",
                ),
                PyPiRequirement {
                    version: Some(
                        VersionSpecifiers(
                            [
                                VersionSpecifier {
                                    operator: NotEqual,
                                    version: "8.0.0",
                                },
                            ],
                        ),
                    ),
                    extras: Some(
                        [],
                    ),
                    index: None,
                },
            ),
            (
                PackageName(
                    "package9",
                ),
                PyPiRequirement {
                    version: None,
                    extras: Some(
                        [],
                    ),
                    index: None,
                },
            ),
            (
                PackageName(
                    "package10",
                ),
                PyPiRequirement {
                    version: None,
                    extras: Some(
                        [
                            ExtraName(
                                "extra",
                            ),
                        ],
                    ),
                    index: None,
                },
            ),
            (
                PackageName(
                    "package11",
                ),
                PyPiRequirement {
                    version: None,
                    extras: Some(
                        [
                            ExtraName(
                                "extra1",
                            ),
                            ExtraName(
                                "extra2",
                            ),
                        ],
                    ),
                    index: None,
                },
            ),
            (
                PackageName(
                    "package12",
                ),
                PyPiRequirement {
                    version: Some(
                        VersionSpecifiers(
                            [
                                VersionSpecifier {
                                    operator: Equal,
                                    version: "12.0.0",
                                },
                            ],
                        ),
                    ),
                    extras: Some(
                        [
                            ExtraName(
                                "extra1",
                            ),
                            ExtraName(
                                "extra2",
                            ),
                        ],
                    ),
                    index: None,
                },
            ),
            (
                PackageName(
                    "package13",
                ),
                PyPiRequirement {
                    version: Some(
                        VersionSpecifiers(
                            [
                                VersionSpecifier {
                                    operator: GreaterThanEqual,
                                    version: "13.0.0",
                                },
                            ],
                        ),
                    ),
                    extras: Some(
                        [
                            ExtraName(
                                "extra1",
                            ),
                            ExtraName(
                                "extra2",
                            ),
                        ],
                    ),
                    index: None,
                },
            ),
            (
                PackageName(
                    "package14",
                ),
                PyPiRequirement {
                    version: Some(
                        VersionSpecifiers(
                            [
                                VersionSpecifier {
                                    operator: LessThanEqual,
                                    version: "14.0.0",
                                },
                            ],
                        ),
                    ),
                    extras: Some(
                        [
                            ExtraName(
                                "extra1",
                            ),
                            ExtraName(
                                "extra2",
                            ),
                        ],
                    ),
                    index: None,
                },
            ),
        ],
        [],
    ),
    [
        "main",
        "r",
        "msys2",
        "conda-forge",
    ],
    Some(
        "test_env",
    ),
)
