---
source: crates/pixi_manifest/src/toml/build_system.rs
expression: "expect_parse_failure(r#\"\n            backend = { name = \"foobar\", version = \"*\" }\n            additional = \"key\"\n        \"#)"
---
  × unknown field `additional`, expected one of `backend`, `channels`, `additional-dependencies`
   ╭─[pixi.toml:3:13]
 2 │             backend = { name = "foobar", version = "*" }
 3 │             additional = "key"
   ·             ──────────
 4 │         
   ╰────
