---
source: crates/pixi_manifest/src/toml/build_system.rs
expression: "expect_parse_failure(r#\"\n            backend = { name = \"foobar\", version = \"*\", foo = \"bar\" }\n        \"#)"
---
  × unknown field `foo`
   ╭─[pixi.toml:2:23]
 1 │ 
 2 │             backend = { name = "foobar", version = "*", foo = "bar" }
   ·                       ───────────────────────────────────────────────
 3 │         
   ╰────
