---
source: crates/pixi_glob/src/glob_hash.rs
expression: snapshot
snapshot_kind: text
---
Globs:
- tests/data/satisfiability/source-dependency/**/*
Hash: e68b399a514a004da6e76ea916d9b948fac641ac3aee43765c6efee3b2d43820
Matched files:
- tests/data/satisfiability/source-dependency/child-package/pixi.toml
- tests/data/satisfiability/source-dependency/pixi.lock
- tests/data/satisfiability/source-dependency/pixi.toml
