---
source: src/project/manifest.rs
assertion_line: 518
expression: "toml_edit::de::from_str::<ProjectManifest>(&contents).expect(\"parsing should succeed!\")"
---
ProjectManifest {
    project: ProjectMetadata {
        name: "foo",
        version: Some(
            Version {
                version: [[0], [0], [1], [0]],
                local: [],
            },
        ),
        description: None,
        authors: [],
        channels: [],
        platforms: PixiSpanned {
            span: Some(
                121..123,
            ),
            value: [],
        },
        license: None,
        license_file: None,
        readme: None,
        homepage: None,
        repository: None,
        documentation: None,
    },
    tasks: {},
    system_requirements: SystemRequirements {
        windows: None,
        unix: None,
        macos: None,
        linux: None,
        cuda: None,
        libc: None,
        archspec: None,
    },
    dependencies: {},
    host_dependencies: None,
    build_dependencies: None,
    target: {},
    activation: None,
    pypi_dependencies: PypiDependencies {
        requirements: {
            PixiSpanned {
                span: Some(
                    177..180,
                ),
                value: PackageName {
                    source: "foo",
                    normalized: "foo",
                },
            }: PixiSpanned {
                span: Some(
                    183..191,
                ),
                value: (
                    Dependency(
                        VersionSpecifier(
                            VersionSpecifiers(
                                [
                                    VersionSpecifier {
                                        operator: GreaterThanEqual,
                                        version: Version {
                                            epoch: 0,
                                            release: [
                                                3,
                                                12,
                                            ],
                                            pre: None,
                                            post: None,
                                            dev: None,
                                            local: None,
                                        },
                                    },
                                ],
                            ),
                        ),
                    ),
                    Requirement {
                        name: "foo",
                        extras: None,
                        version_or_url: Some(
                            VersionSpecifier(
                                VersionSpecifiers(
                                    [
                                        VersionSpecifier {
                                            operator: GreaterThanEqual,
                                            version: Version {
                                                epoch: 0,
                                                release: [
                                                    3,
                                                    12,
                                                ],
                                                pre: None,
                                                post: None,
                                                dev: None,
                                                local: None,
                                            },
                                        },
                                    ],
                                ),
                            ),
                        ),
                        marker: None,
                    },
                ),
            },
            PixiSpanned {
                span: Some(
                    204..207,
                ),
                value: PackageName {
                    source: "bar",
                    normalized: "bar",
                },
            }: PixiSpanned {
                span: Some(
                    210..246,
                ),
                value: (
                    LongDependency {
                        version: VersionSpecifier(
                            VersionSpecifiers(
                                [
                                    VersionSpecifier {
                                        operator: GreaterThanEqual,
                                        version: Version {
                                            epoch: 0,
                                            release: [
                                                3,
                                                12,
                                            ],
                                            pre: None,
                                            post: None,
                                            dev: None,
                                            local: None,
                                        },
                                    },
                                ],
                            ),
                        ),
                        common: RequirementModernCommon {
                            optional: false,
                            extras: Some(
                                [
                                    "baz",
                                ],
                            ),
                            markers: None,
                        },
                    },
                    Requirement {
                        name: "bar",
                        extras: Some(
                            [
                                "baz",
                            ],
                        ),
                        version_or_url: Some(
                            VersionSpecifier(
                                VersionSpecifiers(
                                    [
                                        VersionSpecifier {
                                            operator: GreaterThanEqual,
                                            version: Version {
                                                epoch: 0,
                                                release: [
                                                    3,
                                                    12,
                                                ],
                                                pre: None,
                                                post: None,
                                                dev: None,
                                                local: None,
                                            },
                                        },
                                    ],
                                ),
                            ),
                        ),
                        marker: None,
                    },
                ),
            },
        },
    },
}
